WARNING: No :area_type_wikidata_item_id entry for regional-legislature-constituencies boundaries
WARNING: No :area_type_wikidata_item_id entry for regional-legislature-constituencies boundaries
WARNING: No :area_type_wikidata_item_id entry for camera-plurinominal-constituencies boundaries
WARNING: No :area_type_wikidata_item_id entry for senato-plurinominal-constituencies boundaries
WARNING: Position Consigliere nel Consiglio Regionale della Valle d'Aosta (Q47529152) not in boundary associated_wikidata_positions
WARNING: Position Consigliere nel Consiglio della Provincia autonoma di Trento (Q48011097) not in boundary associated_wikidata_positions
WARNING: Position [no item] not in boundary associated_wikidata_positions
WARNING: the district Collegio elettorale plurinominale Lazio - 01 (Q48811883) wasn't found in the boundary data for position senatore della Repubblica Italiana (Q13653224)
WARNING: the district Collegio elettorale plurinominale Lazio - 01 (Q48811883) wasn't found in the boundary data for position senatore della Repubblica Italiana (Q13653224)
WARNING: the district Circoscrizione Lombardia (Q48808045) wasn't found in the boundary data for position senatore della Repubblica Italiana (Q13653224)
WARNING: the district Circoscrizione Lombardia (Q48808045) wasn't found in the boundary data for position senatore della Repubblica Italiana (Q13653224)
WARNING: the district ripartizione America meridionale (Q44050374) wasn't found in the boundary data for position senatore della Repubblica Italiana (Q13653224)
WARNING: the district ripartizione America meridionale (Q44050374) wasn't found in the boundary data for position senatore della Repubblica Italiana (Q13653224)
WARNING: the district circoscrizione Trentino-Alto Adige (Q16541823) wasn't found in the boundary data for position deputato della Repubblica Italiana (Q18558478)
WARNING: the district circoscrizione Trentino-Alto Adige (Q16541823) wasn't found in the boundary data for position deputato della Repubblica Italiana (Q18558478)
WARNING: the district Circoscrizione Lombardia 2 (Q48814118) wasn't found in the boundary data for position deputato della Repubblica Italiana (Q18558478)
WARNING: the district Circoscrizione Lombardia 2 (Q48814118) wasn't found in the boundary data for position deputato della Repubblica Italiana (Q18558478)
WARNING: the district circoscrizione Lombardia 1 (Q16541787) wasn't found in the boundary data for position deputato della Repubblica Italiana (Q18558478)
WARNING: the district circoscrizione Lombardia 1 (Q16541787) wasn't found in the boundary data for position deputato della Repubblica Italiana (Q18558478)
WARNING: the district circoscrizione Emilia-Romagna (Q16541763) wasn't found in the boundary data for position deputato della Repubblica Italiana (Q18558478)
WARNING: the district circoscrizione Emilia-Romagna (Q16541763) wasn't found in the boundary data for position deputato della Repubblica Italiana (Q18558478)
WARNING: the district Circoscrizione Lombardia 2 (Q48814118) wasn't found in the boundary data for position deputato della Repubblica Italiana (Q18558478)
WARNING: the district Circoscrizione Lombardia 2 (Q48814118) wasn't found in the boundary data for position deputato della Repubblica Italiana (Q18558478)
WARNING: the district ripartizione America meridionale (Q44050374) wasn't found in the boundary data for position deputato della Repubblica Italiana (Q18558478)
WARNING: the district ripartizione America meridionale (Q44050374) wasn't found in the boundary data for position deputato della Repubblica Italiana (Q18558478)
WARNING: the district città metropolitana di Roma Capitale (Q18288160) wasn't found in the boundary data for position sindaco di Roma (Q23936560)
WARNING: the district città metropolitana di Roma Capitale (Q18288160) wasn't found in the boundary data for position sindaco di Roma (Q23936560)
WARNING: the district città metropolitana di Roma Capitale (Q18288160) wasn't found in the boundary data for position sindaco di Roma (Q23936560)
WARNING: the district città metropolitana di Roma Capitale (Q18288160) wasn't found in the boundary data for position sindaco di Roma (Q23936560)
WARNING: the district città metropolitana di Roma Capitale (Q18288160) wasn't found in the boundary data for position sindaco di Roma (Q23936560)
WARNING: the district città metropolitana di Roma Capitale (Q18288160) wasn't found in the boundary data for position sindaco di Roma (Q23936560)
WARNING: the district città metropolitana di Roma Capitale (Q18288160) wasn't found in the boundary data for position sindaco di Roma (Q23936560)
WARNING: the district città metropolitana di Roma Capitale (Q18288160) wasn't found in the boundary data for position sindaco di Roma (Q23936560)
WARNING: the district città metropolitana di Roma Capitale (Q18288160) wasn't found in the boundary data for position sindaco di Roma (Q23936560)
WARNING: the district città metropolitana di Roma Capitale (Q18288160) wasn't found in the boundary data for position sindaco di Roma (Q23936560)
WARNING: the district città metropolitana di Roma Capitale (Q18288160) wasn't found in the boundary data for position sindaco di Roma (Q23936560)
WARNING: the district città metropolitana di Bari (Q18241854) wasn't found in the boundary data for position Sindaco di Bari (Q50181645)
WARNING: the district città metropolitana di Bologna (Q18288145) wasn't found in the boundary data for position Sindaco di Bologna (Q50184139)
WARNING: the district città metropolitana di Bologna (Q18288145) wasn't found in the boundary data for position Sindaco di Bologna (Q50184139)
WARNING: the district città metropolitana di Bologna (Q18288145) wasn't found in the boundary data for position Sindaco di Bologna (Q50184139)
WARNING: the district città metropolitana di Bologna (Q18288145) wasn't found in the boundary data for position Sindaco di Bologna (Q50184139)
WARNING: the district città metropolitana di Catania (Q20991246) wasn't found in the boundary data for position Sindaco di Catania (Q50187247)
WARNING: the district città metropolitana di Catania (Q20991246) wasn't found in the boundary data for position Sindaco di Catania (Q50187247)
WARNING: the district città metropolitana di Catania (Q20991246) wasn't found in the boundary data for position Sindaco di Catania (Q50187247)
WARNING: the district città metropolitana di Firenze (Q18288148) wasn't found in the boundary data for position Sindaco di Firenze (Q25927210)
WARNING: the district città metropolitana di Firenze (Q18288148) wasn't found in the boundary data for position Sindaco di Firenze (Q25927210)
WARNING: the district città metropolitana di Firenze (Q18288148) wasn't found in the boundary data for position Sindaco di Firenze (Q25927210)
WARNING: the district città metropolitana di Firenze (Q18288148) wasn't found in the boundary data for position Sindaco di Firenze (Q25927210)
WARNING: the district città metropolitana di Genova (Q18288152) wasn't found in the boundary data for position Sindaco di Genova (Q50189121)
